Testing set builtin
arg1
arg2
arg3
3
errexit set
errexit unset
xtrace test
