Basic: hello
Braced: hello
Default if unset: default
Default if empty: default
Set value: hello
Alt if set: alternative
Alt if unset:
Without colon - empty:
With colon - empty: default
Length of var: 5
Length of empty: 0
Length of all args: 14
Length of $1: 4
