Testing function calls:
Hello, World!
Goodbye, Friend!
5 + 3 = 8
Function with no parameters called
First definition
Second definition
Processing list: apple skip banana cherry
  Item: apple
  Item: banana
  Item: cherry
5 is positive
-3 is not positive
