Testing associative arrays:
Testing basic associative operations:
assoc_array[key1]: value1
assoc_array[key2]: value2
assoc_array[key3]: value3
Testing associative array initialization:
colors[red]: #FF0000
colors[green]: #00FF00
colors[blue]: #0000FF
Testing array expansion:
All values: #FF0000 #00FF00 #0000FF
All keys: red green blue
Testing array length:
Length of colors: 3
Length of assoc_array: 3
Testing special keys:
Key with spaces: spaced value
Key with dashes: dashed value
Key with underscores: underscore value
Key with dots: dotted value
Key with symbol: symbol value
All special keys: key with spaces key-with-dashes key_with_underscores key.with.dots key@symbol
All special values: spaced value dashed value underscore value dotted value symbol value
Testing key modification:
Original config: localhost 8080 true
Config keys: host port debug
After port change: 9090
After adding ssl: localhost 9090 true false
After removing debug: localhost 9090 false
Keys after removal: host port ssl
Testing complex keys:
Dynamic key: dynamic value
Computed key: computed value
Testing associative array iteration:
Iterating over values:
  Color: red
  Color: yellow
  Color: purple
  Color: orange
Iterating over keys:
  Fruit: apple
  Fruit: banana
  Fruit: grape
  Fruit: orange
Iterating over key-value pairs:
  apple is red
  banana is yellow
  grape is purple
  orange is orange
Testing pseudo-nested arrays:
User info:
  Name: john
  Email: john@example.com
  Age: 30
Config info:
  Debug: true
  Verbose: false
Testing key existence:
Key 'exists' is set
Key 'exists' is not set
Key 'missing' is set
Key 'missing' is not set
Testing empty values:
Empty key: []
Null key: []
Normal key: [normal value]
All keys: empty_key null_key normal_key
Testing array copying:
Original: 1 2 3
Copy: 1 2 3
After modifying copy:
Original: 1 2 3
Copy: 1 modified 3
Testing associative arrays in functions:
Before function call: value1 value2
Local associative array: ([func_key1]=func_val1 [func_key2]=func_val2)
Local keys: 0
Global array from function: value1 value2
Testing numeric-like string keys:
Key '1': first
Key '2': second
Key '10': tenth
Key '01': zero-one
All numeric keys: 1 2 10 01
Testing case sensitivity:
Key: uppercase K
key: lowercase k
KEY: all uppercase
Testing error handling:
Valid key: value
Invalid key:
Testing array clearing:
Before clearing: value1 value2
After unset:
Testing mixed key types:
String key: string value
Numeric string key: numeric string key
Empty key: empty key
All mixed keys: string_key 123
Associative arrays test completed
