test output
test output
appended
input test
here string test
