This is a basic here document
with multiple lines
of text.
Hello from PSH
The shell name is: PSH
This is indented text
The leading tabs should be stripped
from both the content and terminator
This should not expand: $name
Literal dollar signs: $HOME
This goes to a file
Line 2 of the file
