5
6
12
5
2
8
15
1
0
1
1
1
0
1
0
20
14
10
10
10
11
12
12
255
8
3
7
4
