Processing: apple
Processing: banana
Processing: cherry
Number: 1
Number: 2
Number: 3
Greeting detected
Result: Odd: 1
Result: Even: 2
Result: Odd: 3
Result: Even: 4
Result: Odd: 5
