Grade B
High B
Nested for loops:
Outer loop: 1
  Inner loop: a
  Inner loop: b
Outer loop: 2
  Inner loop: a
  Inner loop: b
    Special case: 2b
While with nested if:
Count: 1
Count: 2
  Middle value
    Not the last
Count: 3
Case with nested constructs:
Found test
  Processing: 1
  Processing: 2
