While loop output:
For loop output:
Item: apple
Item: banana
Item: cherry
If statement output:
True branch output
Second line
Case statement output:
Case matched: test
Additional output
Nested redirection output:
Number: 1
Number: 2
Special number: 2
